MemTotal:        7940276 kB
MemFree:         6007468 kB
MemAvailable:    6738172 kB
Buffers:           10696 kB
Cached:           840604 kB
SwapCached:            0 kB
Active:           476980 kB
Inactive:        1032712 kB
Active(anon):       3000 kB
Inactive(anon):   660912 kB
Active(file):     473980 kB
Inactive(file):   371800 kB
Unevictable:           0 kB
Mlocked:               0 kB
SwapTotal:       2097152 kB
SwapFree:        2097152 kB
Dirty:              7640 kB
Writeback:             0 kB
AnonPages:        658960 kB
Mapped:           475852 kB
Shmem:              5016 kB
KReclaimable:      49008 kB
Slab:             143620 kB
SReclaimable:      49008 kB
SUnreclaim:        94612 kB
KernelStack:       10320 kB
PageTables:        10616 kB
SecPageTables:         0 kB
NFS_Unstable:          0 kB
Bounce:                0 kB
WritebackTmp:          0 kB
CommitLimit:     6067288 kB
Committed_AS:    3431560 kB
VmallocTotal:   34359738367 kB
VmallocUsed:       40312 kB
VmallocChunk:          0 kB
Percpu:             8960 kB
HardwareCorrupted:     0 kB
AnonHugePages:     20480 kB
ShmemHugePages:        0 kB
ShmemPmdMapped:        0 kB
FileHugePages:         0 kB
FilePmdMapped:         0 kB
Unaccepted:            0 kB
HugePages_Total:       0
HugePages_Free:        0
HugePages_Rsvd:        0
HugePages_Surp:        0
Hugepagesize:       2048 kB
Hugetlb:               0 kB
DirectMap4k:      136192 kB
DirectMap2M:     7010304 kB
DirectMap1G:     9437184 kB
